[2026-09-21 15:06:36.593] Program.Main starting...
[2026-09-21 15:06:36.627] ApplicationConfiguration initialized.
[2026-09-21 15:06:36.717] MainForm instantiated. Calling Application.Run...
[2026-09-21 15:06:36.807] MainForm.OnLoad: Bounds={X=640,Y=296,Width=1280,Height=800}, WindowState=Normal
[2026-09-21 15:06:36.820] MainForm.OnLoad finished: Bounds={X=640,Y=296,Width=1280,Height=800}, WindowState=Normal
[2026-09-21 15:08:43.864] Application.Run exited normally.
[2026-09-21 15:13:14.243] Program.Main starting...
[2026-09-21 15:13:14.278] ApplicationConfiguration initialized.
[2026-09-21 15:13:14.365] MainForm instantiated. Calling Application.Run...
[2026-09-21 15:13:14.392] MainForm.OnLoad: Bounds={X=640,Y=296,Width=1280,Height=800}, WindowState=Normal
[2026-09-21 15:13:14.403] MainForm.OnLoad finished: Bounds={X=640,Y=296,Width=1280,Height=800}, WindowState=Normal
[2026-09-21 15:13:52.929] Program.Main starting...
[2026-09-21 15:13:52.964] ApplicationConfiguration initialized.
[2026-09-21 15:13:53.052] MainForm instantiated. Calling Application.Run...
[2026-09-21 15:13:53.133] MainForm.OnLoad: Bounds={X=640,Y=296,Width=1280,Height=800}, WindowState=Normal
[2026-09-21 15:13:53.145] MainForm.OnLoad finished: Bounds={X=640,Y=296,Width=1280,Height=800}, WindowState=Normal
[2026-09-21 15:16:24.918] Application.Run exited normally.
[2026-09-21 15:16:27.177] Program.Main starting...
[2026-09-21 15:16:27.211] ApplicationConfiguration initialized.
[2026-09-21 15:16:27.304] MainForm instantiated. Calling Application.Run...
[2026-09-21 15:16:27.396] MainForm.OnLoad: Bounds={X=640,Y=296,Width=1280,Height=800}, WindowState=Normal
[2026-09-21 15:16:27.408] MainForm.OnLoad finished: Bounds={X=640,Y=296,Width=1280,Height=800}, WindowState=Normal
[2026-09-21 15:17:37.955] Application.Run exited normally.
[2026-09-21 15:17:40.854] Program.Main starting...
[2026-09-21 15:17:40.888] ApplicationConfiguration initialized.
[2026-09-21 15:17:40.984] MainForm instantiated. Calling Application.Run...
[2026-09-21 15:17:41.060] MainForm.OnLoad: Bounds={X=0,Y=0,Width=2576,Height=1408}, WindowState=Normal
[2026-09-21 15:17:41.112] MainForm.OnLoad finished: Bounds={X=-8,Y=-8,Width=2576,Height=1408}, WindowState=Maximized
[2026-09-21 15:17:42.539] Application.Run exited normally.
[2026-09-22 07:23:41.029] Program.Main starting...
[2026-09-22 07:23:41.064] ApplicationConfiguration initialized.
[2026-09-22 07:23:41.153] MainForm instantiated. Calling Application.Run...
[2026-09-22 07:23:41.240] MainForm.OnLoad: Bounds={X=3200,Y=296,Width=1280,Height=800}, WindowState=Normal
[2026-09-22 07:23:41.254] MainForm.OnLoad finished: Bounds={X=3200,Y=296,Width=1280,Height=800}, WindowState=Normal
[2026-09-22 07:24:07.735] Application.Run exited normally.
