[2026-09-22 06:53:13.256] Program.Main starting...
[2026-09-22 06:53:13.294] ApplicationConfiguration initialized.
[2026-09-22 06:53:13.503] MainForm instantiated. Calling Application.Run...
[2026-09-22 06:53:13.606] MainForm.OnLoad: Bounds={X=640,Y=296,Width=1280,Height=800}, WindowState=Normal
[2026-09-22 06:53:13.622] MainForm.OnLoad finished: Bounds={X=640,Y=296,Width=1280,Height=800}, WindowState=Normal
[2026-09-22 06:56:53.502] Application.Run exited normally.
[2026-09-22 06:57:10.650] Program.Main starting...
[2026-09-22 06:57:10.693] ApplicationConfiguration initialized.
[2026-09-22 06:57:10.862] MainForm instantiated. Calling Application.Run...
[2026-09-22 06:57:10.955] MainForm.OnLoad: Bounds={X=640,Y=296,Width=1280,Height=800}, WindowState=Normal
[2026-09-22 06:57:10.968] MainForm.OnLoad finished: Bounds={X=640,Y=296,Width=1280,Height=800}, WindowState=Normal
[2026-09-22 07:15:01.904] Application.Run exited normally.
[2026-09-22 07:18:35.058] Program.Main starting...
[2026-09-22 07:18:35.089] ApplicationConfiguration initialized.
[2026-09-22 07:18:35.230] MainForm instantiated. Calling Application.Run...
[2026-09-22 07:18:35.313] MainForm.OnLoad: Bounds={X=0,Y=0,Width=2576,Height=1408}, WindowState=Normal
[2026-09-22 07:18:35.377] MainForm.OnLoad finished: Bounds={X=-8,Y=-8,Width=2576,Height=1408}, WindowState=Maximized
[2026-09-22 07:18:40.289] Application.Run exited normally.
[2026-09-22 07:19:11.512] Program.Main starting...
[2026-09-22 07:19:11.541] ApplicationConfiguration initialized.
[2026-09-22 07:19:11.679] MainForm instantiated. Calling Application.Run...
[2026-09-22 07:19:11.770] MainForm.OnLoad: Bounds={X=0,Y=0,Width=2576,Height=1408}, WindowState=Normal
[2026-09-22 07:19:11.821] MainForm.OnLoad finished: Bounds={X=-8,Y=-8,Width=2576,Height=1408}, WindowState=Maximized
[2026-09-22 07:19:16.007] Application.Run exited normally.
[2026-09-22 07:19:27.222] Program.Main starting...
[2026-09-22 07:19:27.254] ApplicationConfiguration initialized.
[2026-09-22 07:19:27.417] MainForm instantiated. Calling Application.Run...
[2026-09-22 07:19:27.513] MainForm.OnLoad: Bounds={X=640,Y=296,Width=1280,Height=800}, WindowState=Normal
[2026-09-22 07:19:27.525] MainForm.OnLoad finished: Bounds={X=640,Y=296,Width=1280,Height=800}, WindowState=Normal
[2026-09-22 07:19:34.035] Application.Run exited normally.
[2026-09-22 08:22:01.952] Program.Main starting...
[2026-09-22 08:22:01.989] ApplicationConfiguration initialized.
[2026-09-22 08:22:02.088] MainForm instantiated. Calling Application.Run...
[2026-09-22 08:22:02.186] MainForm.OnLoad: Bounds={X=3200,Y=296,Width=1280,Height=800}, WindowState=Normal
[2026-09-22 08:22:02.199] MainForm.OnLoad finished: Bounds={X=3200,Y=296,Width=1280,Height=800}, WindowState=Normal
[2026-09-22 08:23:56.476] Application.Run exited normally.
[2026-09-22 08:25:15.473] Program.Main starting...
[2026-09-22 08:25:15.513] ApplicationConfiguration initialized.
[2026-09-22 08:25:15.632] MainForm instantiated. Calling Application.Run...
[2026-09-22 08:25:15.737] MainForm.OnLoad: Bounds={X=2560,Y=0,Width=2576,Height=1408}, WindowState=Normal
[2026-09-22 08:25:15.797] MainForm.OnLoad finished: Bounds={X=2552,Y=-8,Width=2576,Height=1408}, WindowState=Maximized
[2026-09-22 08:25:49.343] Application.Run exited normally.
[2026-09-22 08:28:54.900] Program.Main starting...
[2026-09-22 08:28:54.934] ApplicationConfiguration initialized.
[2026-09-22 08:28:55.028] MainForm instantiated. Calling Application.Run...
[2026-09-22 08:28:55.116] MainForm.OnLoad: Bounds={X=2560,Y=0,Width=2576,Height=1408}, WindowState=Normal
[2026-09-22 08:28:55.168] MainForm.OnLoad finished: Bounds={X=2552,Y=-8,Width=2576,Height=1408}, WindowState=Maximized
[2026-09-22 08:29:43.251] Application.Run exited normally.
